[2025-09-28 13:05:50] 程序启动
[2025-09-28 13:26:39] 程序退出
[2025-09-28 13:26:43] 程序启动
[2025-09-28 13:27:28] 程序退出
[2025-09-28 13:27:29] 程序启动
[2025-09-28 13:27:39] 程序退出
[2025-09-28 13:27:50] 程序启动
[2025-09-28 13:31:36] 开始抢课 238875 sessiontime=20250928133136
[2025-09-28 13:31:36] 开始抢课 238855 sessiontime=20250928133136
[2025-09-28 13:35:43] 已发送停止信号，等待线程结束...
[2025-09-28 13:35:45] 开始抢课 238855 sessiontime=20250928133546
[2025-09-28 13:35:45] 开始抢课 238875 sessiontime=20250928133546
[2025-09-28 13:35:47] 开始抢课 239856 sessiontime=20250928133547
[2025-09-28 13:35:47] 开始抢课 239854 sessiontime=20250928133547
[2025-09-28 13:35:47] 开始抢课 238884 sessiontime=20250928133547
[2025-09-28 13:35:47] 开始抢课 238893 sessiontime=20250928133547
[2025-09-28 13:35:47] 开始抢课 239855 sessiontime=20250928133547
[2025-09-28 13:35:47] 开始抢课 238874 sessiontime=20250928133547
[2025-09-28 14:14:17] [2025-09-28 14:14:17] Lessonid:239854 抢课成功！停止抢课
[2025-09-28 14:18:13] 已发送停止信号，等待线程结束...
[2025-09-28 14:18:14] 开始抢课 238875 sessiontime=20250928141814
[2025-09-28 14:18:14] 开始抢课 238855 sessiontime=20250928141814
[2025-09-28 14:18:19] 已发送停止信号，等待线程结束...
[2025-09-28 14:18:22] 开始抢课 238855 sessiontime=20250928141822
[2025-09-28 14:18:22] 开始抢课 238875 sessiontime=20250928141823
[2025-09-28 14:38:37] 已发送停止信号，等待线程结束...
[2025-09-28 14:38:41] 开始抢课 238875 sessiontime=20250928143842
[2025-09-28 14:38:41] 开始抢课 238855 sessiontime=20250928143842
[2025-09-28 14:38:42] 开始抢课 240287 sessiontime=20250928143843
[2025-09-28 14:38:47] 已发送停止信号，等待线程结束...
[2025-09-28 14:38:53] 开始抢课 240287 sessiontime=20250928143854
[2025-09-28 14:38:53] 开始抢课 238875 sessiontime=20250928143854
[2025-09-28 14:38:54] 开始抢课 238855 sessiontime=20250928143854
[2025-09-28 14:57:22] 已发送停止信号，等待线程结束...
[2025-09-28 14:57:24] 开始抢课 238875 sessiontime=20250928145724
[2025-09-28 14:57:24] 开始抢课 238855 sessiontime=20250928145724
[2025-09-28 14:57:24] 开始抢课 240287 sessiontime=20250928145724
[2025-09-28 14:59:32] [2025-09-28 14:59:32] Lessonid:238855 发生错误，尝试次数: 3
[2025-09-28 14:59:33] [2025-09-28 14:59:33] Lessonid:240287 发生错误，尝试次数: 3
[2025-09-28 14:59:33] [2025-09-28 14:59:33] Lessonid:238875 发生错误，尝试次数: 3
[2025-09-28 14:59:33] [2025-09-28 14:59:33] Lessonid:238855 发生错误，尝试次数: 4
[2025-09-28 14:59:34] [2025-09-28 14:59:34] Lessonid:240287 发生错误，尝试次数: 4
[2025-09-28 14:59:34] [2025-09-28 14:59:34] Lessonid:238875 发生错误，尝试次数: 4
[2025-09-28 14:59:34] [2025-09-28 14:59:34] Lessonid:238855 发生错误，尝试次数: 5
[2025-09-28 14:59:35] [2025-09-28 14:59:35] Lessonid:240287 发生错误，尝试次数: 5
[2025-09-28 14:59:35] [2025-09-28 14:59:35] Lessonid:238875 发生错误，尝试次数: 5
[2025-09-28 14:59:35] Lessonid:238855 连续出错5次，暂停该课程抢课
[2025-09-28 14:59:36] Lessonid:240287 连续出错5次，暂停该课程抢课
[2025-09-28 14:59:36] Lessonid:238875 连续出错5次，暂停该课程抢课
[2025-09-28 15:03:38] 已发送停止信号，等待线程结束...
[2025-09-28 15:03:49] 已发送停止信号，等待线程结束...
[2025-09-28 15:03:49] 程序退出
[2025-09-28 15:03:55] 程序启动
[2025-09-28 15:04:36] 开始抢课 238855 sessiontime=20250928150436
[2025-09-28 15:04:36] 开始抢课 240287 sessiontime=20250928150436
[2025-09-28 15:04:36] 开始抢课 238875 sessiontime=20250928150436
[2025-09-28 15:30:38] [2025-09-28 15:30:38] Lessonid:240287 抢课成功！停止抢课
[2025-09-28 15:31:03] 已发送停止信号，等待线程结束...
[2025-09-28 17:53:19] 已发送停止信号，等待线程结束...
[2025-09-28 17:53:21] 程序退出
